--------------------------------------------------------------------------------
Release 13.4 Trace  (nt64)
Copyright (c) 1995-2011 Xilinx, Inc.  All rights reserved.

C:\Xilinx\13.4\ISE_DS\ISE\bin\nt64\unwrapped\trce.exe -e 3 -xml system.twx
system.ncd system.pcf

Design file:              system.ncd
Physical constraint file: system.pcf
Device,package,speed:     xc6slx45,csg324,C,-3 (PRODUCTION 1.21 2012-01-07)
Report level:             error report

Environment Variable      Effect 
--------------------      ------ 
NONE                      No environment variables were set
--------------------------------------------------------------------------------

WARNING:Timing:3223 - Timing constraint PATH 
   "TS_TIG_MCB_DDR2_CALIB_DONE_SYNCH_path" TIG; ignored during timing analysis.
INFO:Timing:3386 - Intersecting Constraints found and resolved.  For more 
   information, see the TSI report.  Please consult the Xilinx Command Line 
   Tools User Guide for information on generating a TSI report.
INFO:Timing:3412 - To improve timing, see the Timing Closure User Guide (UG612).
INFO:Timing:2752 - To get complete path coverage, use the unconstrained paths 
   option. All paths that are not constrained will be reported in the 
   unconstrained paths section(s) of the report.
INFO:Timing:3339 - The clock-to-out numbers in this timing report are based on 
   a 50 Ohm transmission line loading model.  For the details of this model, 
   and for more information on accounting for different loading conditions, 
   please see the device datasheet.

================================================================================
Timing constraint: PATH 
"TS_axi_vdma_0_from_s_axi_lite_aclk_to_m_axi_mm2s_aclk_path" TIG;

 0 paths analyzed, 0 endpoints analyzed, 0 failing endpoints
 0 timing errors detected.
--------------------------------------------------------------------------------

================================================================================
Timing constraint: PATH 
"TS_axi_vdma_0_from_m_axi_mm2s_aclk_to_s_axi_lite_aclk_path" TIG;

 611917 paths analyzed, 31434 endpoints analyzed, 0 failing endpoints
 0 timing errors detected. (0 setup errors, 0 hold errors)
--------------------------------------------------------------------------------

================================================================================
Timing constraint: PATH 
"TS_axi_vdma_0_from_s_axi_lite_aclk_to_m_axis_mm2s_aclk_path" TIG;

 0 paths analyzed, 0 endpoints analyzed, 0 failing endpoints
 0 timing errors detected.
--------------------------------------------------------------------------------

================================================================================
Timing constraint: PATH 
"TS_axi_vdma_0_from_m_axis_mm2s_aclk_to_s_axi_lite_aclk_path" TIG;

 0 paths analyzed, 0 endpoints analyzed, 0 failing endpoints
 0 timing errors detected.
--------------------------------------------------------------------------------

================================================================================
Timing constraint: PATH 
"TS_axi_vdma_0_from_m_axi_mm2s_aclk_to_m_axis_mm2s_aclk_path" TIG;

 350324 paths analyzed, 237 endpoints analyzed, 0 failing endpoints
 0 timing errors detected. (0 setup errors, 0 hold errors)
--------------------------------------------------------------------------------

================================================================================
Timing constraint: PATH 
"TS_axi_vdma_0_from_m_axis_mm2s_aclk_to_m_axi_mm2s_aclk_path" TIG;

 19 paths analyzed, 18 endpoints analyzed, 0 failing endpoints
 0 timing errors detected. (0 setup errors, 0 hold errors)
--------------------------------------------------------------------------------

================================================================================
Timing constraint: PATH "TS_TIG_microblaze_0_Reset_path" TIG;

 3 paths analyzed, 3 endpoints analyzed, 0 failing endpoints
 0 timing errors detected. (0 setup errors, 0 hold errors)
--------------------------------------------------------------------------------

================================================================================
Timing constraint: PATH "TS_TIG_microblaze_0_Interrupt_path" TIG;

 1 path analyzed, 1 endpoint analyzed, 0 failing endpoints
 0 timing errors detected. (0 setup errors, 0 hold errors)
--------------------------------------------------------------------------------

================================================================================
Timing constraint: PATH "TS_axi4_0_reset_resync_path" TIG;

 8 paths analyzed, 8 endpoints analyzed, 0 failing endpoints
 0 timing errors detected. (0 setup errors, 0 hold errors)
--------------------------------------------------------------------------------

================================================================================
Timing constraint: PATH "TS_axi4lite_0_reset_resync_path" TIG;

 8 paths analyzed, 8 endpoints analyzed, 0 failing endpoints
 0 timing errors detected. (0 setup errors, 0 hold errors)
--------------------------------------------------------------------------------

================================================================================
Timing constraint: PATH "TS_TIG_MCB_DDR2_CALIB_DONE_SYNCH_path" TIG;

 0 paths analyzed, 0 endpoints analyzed, 0 failing endpoints
 0 timing errors detected.
--------------------------------------------------------------------------------

================================================================================
Timing constraint: PATH "TS_TIG_MCB_DDR2_SYS_RST_SYNCH_path" TIG;

 1 path analyzed, 1 endpoint analyzed, 0 failing endpoints
 0 timing errors detected. (0 setup errors, 0 hold errors)
--------------------------------------------------------------------------------

================================================================================
Timing constraint: PATH "TS_TIG_microblaze_0_dlmb_POR_FF_I_path" TIG;

 1 path analyzed, 1 endpoint analyzed, 0 failing endpoints
 0 timing errors detected. (0 setup errors, 0 hold errors)
--------------------------------------------------------------------------------

================================================================================
Timing constraint: PATH "TS_TIG_microblaze_0_ilmb_POR_FF_I_path" TIG;

 1 path analyzed, 1 endpoint analyzed, 0 failing endpoints
 0 timing errors detected. (0 setup errors, 0 hold errors)
--------------------------------------------------------------------------------

================================================================================
Timing constraint: TS_sys_clk_pin = PERIOD TIMEGRP "sys_clk_pin" 100 MHz HIGH 
50%;
For more information, see Period Analysis in the Timing Closure User Guide (UG612).

 0 paths analyzed, 0 endpoints analyzed, 0 failing endpoints
 0 timing errors detected. (0 component switching limit errors)
 Minimum period is   3.334ns.
--------------------------------------------------------------------------------

================================================================================
Timing constraint: TS_path1 = MAXDELAY FROM TIMEGRP "globclk" TO TIMEGRP 
"hdmipclk" 14 ns;
For more information, see From:To (Multicycle) Analysis in the Timing Closure User Guide (UG612).

 393 paths analyzed, 393 endpoints analyzed, 0 failing endpoints
 0 timing errors detected. (0 setup errors, 0 hold errors)
 Maximum delay is   5.422ns.
--------------------------------------------------------------------------------

================================================================================
Timing constraint: TS_path2 = MAXDELAY FROM TIMEGRP "hdmipclk" TO TIMEGRP 
"globclk" 10 ns;
For more information, see From:To (Multicycle) Analysis in the Timing Closure User Guide (UG612).

 0 paths analyzed, 0 endpoints analyzed, 0 failing endpoints
 0 timing errors detected.
--------------------------------------------------------------------------------

================================================================================
Timing constraint: TS_clk_600_0000MHz180PLL0_nobuf = PERIOD TIMEGRP         
"clk_600_0000MHz180PLL0_nobuf" TS_sys_clk_pin * 6 PHASE 0.833333333 ns         
HIGH 50%;
For more information, see Period Analysis in the Timing Closure User Guide (UG612).

 0 paths analyzed, 0 endpoints analyzed, 0 failing endpoints
 0 timing errors detected. (0 component switching limit errors)
 Minimum period is   1.499ns.
--------------------------------------------------------------------------------

================================================================================
Timing constraint: TS_clk_600_0000MHzPLL0_nobuf = PERIOD TIMEGRP 
"clk_600_0000MHzPLL0_nobuf"         TS_sys_clk_pin * 6 HIGH 50%;
For more information, see Period Analysis in the Timing Closure User Guide (UG612).

 0 paths analyzed, 0 endpoints analyzed, 0 failing endpoints
 0 timing errors detected. (0 component switching limit errors)
 Minimum period is   1.499ns.
--------------------------------------------------------------------------------

================================================================================
Timing constraint: TS_clock_generator_0_clock_generator_0_SIG_PLL0_CLKOUT2 = 
PERIOD TIMEGRP         "clock_generator_0_clock_generator_0_SIG_PLL0_CLKOUT2" 
TS_sys_clk_pin         HIGH 50%;
For more information, see Period Analysis in the Timing Closure User Guide (UG612).

 61 paths analyzed, 59 endpoints analyzed, 0 failing endpoints
 0 timing errors detected. (0 setup errors, 0 hold errors, 0 component switching limit errors)
 Minimum period is   5.990ns.
--------------------------------------------------------------------------------

================================================================================
Timing constraint: 
TS_axi_hdmi_0_axi_hdmi_0_USE_HDMI_OUT_Inst_AxiHDMITransmitter_Inst_DynClkGen_Dcm
ClkO         = PERIOD TIMEGRP         
"axi_hdmi_0_axi_hdmi_0_USE_HDMI_OUT_Inst_AxiHDMITransmitter_Inst_DynClkGen_DcmCl
kO"         TS_clock_generator_0_clock_generator_0_SIG_PLL0_CLKOUT2 * 0.744 
HIGH         50%;
For more information, see Period Analysis in the Timing Closure User Guide (UG612).

 0 paths analyzed, 0 endpoints analyzed, 0 failing endpoints
 0 timing errors detected. (0 component switching limit errors)
 Minimum period is   5.000ns.
--------------------------------------------------------------------------------

================================================================================
Timing constraint: 
TS_axi_hdmi_0_axi_hdmi_0_USE_HDMI_OUT_Inst_AxiHDMITransmitter_Inst_DynClkGen_Pll
Out_x2         = PERIOD TIMEGRP         
"axi_hdmi_0_axi_hdmi_0_USE_HDMI_OUT_Inst_AxiHDMITransmitter_Inst_DynClkGen_PllOu
t_x2"         
TS_axi_hdmi_0_axi_hdmi_0_USE_HDMI_OUT_Inst_AxiHDMITransmitter_Inst_DynClkGen_Dcm
ClkO         * 2 HIGH 50%;
For more information, see Period Analysis in the Timing Closure User Guide (UG612).

 83 paths analyzed, 83 endpoints analyzed, 0 failing endpoints
 0 timing errors detected. (0 setup errors, 0 hold errors, 0 component switching limit errors)
 Minimum period is   4.445ns.
--------------------------------------------------------------------------------

================================================================================
Timing constraint: 
TS_axi_hdmi_0_axi_hdmi_0_USE_HDMI_OUT_Inst_AxiHDMITransmitter_Inst_DynClkGen_Pll
Out_x1         = PERIOD TIMEGRP         
"axi_hdmi_0_axi_hdmi_0_USE_HDMI_OUT_Inst_AxiHDMITransmitter_Inst_DynClkGen_PllOu
t_x1"         
TS_axi_hdmi_0_axi_hdmi_0_USE_HDMI_OUT_Inst_AxiHDMITransmitter_Inst_DynClkGen_Dcm
ClkO         HIGH 50%;
For more information, see Period Analysis in the Timing Closure User Guide (UG612).

 7014 paths analyzed, 1459 endpoints analyzed, 0 failing endpoints
 0 timing errors detected. (0 setup errors, 0 hold errors, 0 component switching limit errors)
 Minimum period is   6.508ns.
--------------------------------------------------------------------------------

================================================================================
Timing constraint: 
TS_axi_hdmi_0_axi_hdmi_0_USE_HDMI_OUT_Inst_AxiHDMITransmitter_Inst_DynClkGen_Pll
Out_x10         = PERIOD TIMEGRP         
"axi_hdmi_0_axi_hdmi_0_USE_HDMI_OUT_Inst_AxiHDMITransmitter_Inst_DynClkGen_PllOu
t_x10"         
TS_axi_hdmi_0_axi_hdmi_0_USE_HDMI_OUT_Inst_AxiHDMITransmitter_Inst_DynClkGen_Dcm
ClkO         * 10 HIGH 50%;
For more information, see Period Analysis in the Timing Closure User Guide (UG612).

 0 paths analyzed, 0 endpoints analyzed, 0 failing endpoints
 0 timing errors detected. (0 component switching limit errors)
--------------------------------------------------------------------------------


Derived Constraint Report
Derived Constraints for TS_sys_clk_pin
+-------------------------------+-------------+-------------+-------------+-------------+-------------+-------------+-------------+
|                               |   Period    |       Actual Period       |      Timing Errors        |      Paths Analyzed       |
|           Constraint          | Requirement |-------------+-------------|-------------+-------------|-------------+-------------|
|                               |             |   Direct    | Derivative  |   Direct    | Derivative  |   Direct    | Derivative  |
+-------------------------------+-------------+-------------+-------------+-------------+-------------+-------------+-------------+
|TS_sys_clk_pin                 |     10.000ns|      3.334ns|      8.994ns|            0|            0|            0|         7158|
| TS_clk_600_0000MHz180PLL0_nobu|      1.667ns|      1.499ns|          N/A|            0|            0|            0|            0|
| f                             |             |             |             |             |             |             |             |
| TS_clk_600_0000MHzPLL0_nobuf  |      1.667ns|      1.499ns|          N/A|            0|            0|            0|            0|
| TS_clock_generator_0_clock_gen|     10.000ns|      5.990ns|      6.614ns|            0|            0|           61|         7097|
| erator_0_SIG_PLL0_CLKOUT2     |             |             |             |             |             |             |             |
|  TS_axi_hdmi_0_axi_hdmi_0_USE_|     13.441ns|      5.000ns|      8.890ns|            0|            0|            0|         7097|
|  HDMI_OUT_Inst_AxiHDMITransmit|             |             |             |             |             |             |             |
|  ter_Inst_DynClkGen_DcmClkO   |             |             |             |             |             |             |             |
|   TS_axi_hdmi_0_axi_hdmi_0_USE|      6.720ns|      4.445ns|          N/A|            0|            0|           83|            0|
|   _HDMI_OUT_Inst_AxiHDMITransm|             |             |             |             |             |             |             |
|   itter_Inst_DynClkGen_PllOut_|             |             |             |             |             |             |             |
|   x2                          |             |             |             |             |             |             |             |
|   TS_axi_hdmi_0_axi_hdmi_0_USE|     13.441ns|      6.508ns|          N/A|            0|            0|         7014|            0|
|   _HDMI_OUT_Inst_AxiHDMITransm|             |             |             |             |             |             |             |
|   itter_Inst_DynClkGen_PllOut_|             |             |             |             |             |             |             |
|   x1                          |             |             |             |             |             |             |             |
|   TS_axi_hdmi_0_axi_hdmi_0_USE|      1.344ns|          N/A|          N/A|            0|            0|            0|            0|
|   _HDMI_OUT_Inst_AxiHDMITransm|             |             |             |             |             |             |             |
|   itter_Inst_DynClkGen_PllOut_|             |             |             |             |             |             |             |
|   x10                         |             |             |             |             |             |             |             |
+-------------------------------+-------------+-------------+-------------+-------------+-------------+-------------+-------------+

All constraints were met.


Data Sheet report:
-----------------
All values displayed in nanoseconds (ns)

Clock to Setup on destination clock GCLK
---------------+---------+---------+---------+---------+
               | Src:Rise| Src:Fall| Src:Rise| Src:Fall|
Source Clock   |Dest:Rise|Dest:Rise|Dest:Fall|Dest:Fall|
---------------+---------+---------+---------+---------+
GCLK           |   12.707|    3.473|    4.256|         |
---------------+---------+---------+---------+---------+


Timing summary:
---------------

Timing errors: 0  Score: 0  (Setup/Max: 0, Hold: 0)

Constraints cover 969834 paths, 0 nets, and 38050 connections

Design statistics:
   Minimum period:   6.508ns   (Maximum frequency: 153.657MHz)
   Maximum path delay from/to any node:   5.422ns


Analysis completed Mon Oct 13 14:23:40 2014 
--------------------------------------------------------------------------------

Trace Settings:
-------------------------
Trace Settings 

Peak Memory Usage: 473 MB



